// Jest Snapshot v1, https://goo.gl/fbAQLP

exports[`Layout should render snapshot 1`] = `
<div
  className="layout"
>
  <div
    className="child-one"
    key="qwe"
  />
  <div
    className="child-two"
    key="rty"
  />
</div>
`;
