// Jest Snapshot v1, https://goo.gl/fbAQLP

exports[`Header should render snapshot 1`] = `
<header
  className="header"
>
  <SearchBlock />
  <ThreadTitle />
  <SortBlock />
</header>
`;
