// Jest Snapshot v1, https://goo.gl/fbAQLP

exports[`Content should render snapshot 1`] = `
<main
  className="content"
>
  <div
    className="child-one"
    key="poi"
  />
  <div
    className="child-two"
    key="uyt"
  />
</main>
`;
